[01:58:56] [main/INFO]: Loading Minecraft 1.20.2 with Fabric Loader 0.18.2
[01:58:56] [ForkJoinPool-1-worker-2/WARN]: The mod "dungeons_arise" contains invalid entries in its mod json:
- Unsupported root entry "credits" at line 12 column 12
[01:58:58] [ForkJoinPool-1-worker-2/WARN]: Mod spellbound_weapons_mr uses the version 4.0.5i which isn't compatible with Loader's extended semantic version format (Could not parse version number component '5i'!), SemVer is recommended for reliably evaluating dependencies and prioritizing newer version
[01:58:59] [main/INFO]: Loading 117 mods:
	- appleskin 2.5.1+mc1.20.2
	- beavermod 1.1.0
	- charmofundying 7.0.0+1.20.2
	   \-- spectrelib 0.14.1+1.20.2
	        |-- com_electronwill_night-config_core 3.6.5
	        \-- com_electronwill_night-config_toml 3.6.5
	- cloth-config 12.0.119
	   \-- cloth-basic-math 0.6.1
	- collective 7.26
	- crab 1.0.2
	- creativecore 2.11.2
	   \-- net_minecraftforge_eventbus 6.0.3
	- cristellib 1.2.0
	   \-- blue_endless_jankson 1.2.3
	- croptopia 3.0.1-1.20.2
	- dungeons_arise 2.1.58
	- emeraldequipment 2.0.1
	- epherolib 1.2.0-1.20.2
	- exlinecopperequipment 2.1.8
	- fabric-api 0.91.2+1.20.2
	   |-- fabric-api-base 0.4.33+fce67b32a0
	   |-- fabric-api-lookup-api-v1 1.6.42+b1792f7da0
	   |-- fabric-biome-api-v1 13.0.14+b1792f7da0
	   |-- fabric-block-api-v1 1.0.12+73761d2ea0
	   |-- fabric-block-view-api-v2 1.0.1+73761d2ea0
	   |-- fabric-blockrenderlayer-v1 1.1.43+f4b7e424a0
	   |-- fabric-client-tags-api-v1 1.1.4+86b12645a0
	   |-- fabric-command-api-v1 1.2.37+f71b366fa0
	   |-- fabric-command-api-v2 2.2.16+b1792f7da0
	   |-- fabric-commands-v0 0.2.54+df3654b3a0
	   |-- fabric-containers-v0 0.1.78+df3654b3a0
	   |-- fabric-content-registries-v0 5.0.5+b1792f7da0
	   |-- fabric-convention-tags-v1 1.5.8+b1792f7da0
	   |-- fabric-crash-report-info-v1 0.2.20+f4b7e424a0
	   |-- fabric-data-generation-api-v1 13.1.8+b1792f7da0
	   |-- fabric-dimensions-v1 2.1.57+b1792f7da0
	   |-- fabric-entity-events-v1 1.5.26+b1792f7da0
	   |-- fabric-events-interaction-v0 0.6.10+b1792f7da0
	   |-- fabric-events-lifecycle-v0 0.2.69+df3654b3a0
	   |-- fabric-game-rule-api-v1 1.0.42+a44e16a6a0
	   |-- fabric-item-api-v1 2.1.33+b1792f7da0
	   |-- fabric-item-group-api-v1 4.0.15+e3d2bf3fa0
	   |-- fabric-key-binding-api-v1 1.0.38+f4b7e424a0
	   |-- fabric-keybindings-v0 0.2.36+df3654b3a0
	   |-- fabric-lifecycle-events-v1 2.2.27+b1792f7da0
	   |-- fabric-loot-api-v2 2.1.1+3ba460fba0
	   |-- fabric-message-api-v1 6.0.2+e3d2bf3fa0
	   |-- fabric-mining-level-api-v1 2.1.55+f4b7e424a0
	   |-- fabric-model-loading-api-v1 1.0.6+b1792f7da0
	   |-- fabric-models-v0 0.4.5+9386d8a7a0
	   |-- fabric-networking-api-v1 3.1.2+95a8ac51a0
	   |-- fabric-object-builder-api-v1 12.1.2+2ff98d3ba0
	   |-- fabric-particles-v1 1.1.4+f4b7e424a0
	   |-- fabric-recipe-api-v1 2.0.11+52b3ebe5a0
	   |-- fabric-registry-sync-v0 4.0.9+b1792f7da0
	   |-- fabric-renderer-api-v1 3.2.1+2034447ca0
	   |-- fabric-renderer-indigo 1.5.1+2034447ca0
	   |-- fabric-renderer-registries-v1 3.2.49+df3654b3a0
	   |-- fabric-rendering-data-attachment-v1 0.3.39+73761d2ea0
	   |-- fabric-rendering-fluids-v1 3.0.30+f4b7e424a0
	   |-- fabric-rendering-v0 1.1.52+df3654b3a0
	   |-- fabric-rendering-v1 3.0.11+b1792f7da0
	   |-- fabric-resource-conditions-api-v1 2.3.11+239dafd8a0
	   |-- fabric-resource-loader-v0 0.11.12+b1792f7da0
	   |-- fabric-screen-api-v1 2.0.12+b1792f7da0
	   |-- fabric-screen-handler-api-v1 1.3.44+b1792f7da0
	   |-- fabric-sound-api-v1 1.0.14+f4b7e424a0
	   |-- fabric-transfer-api-v1 3.3.12+4944b5a5a0
	   \-- fabric-transitive-access-wideners-v1 5.0.3+fce67b32a0
	- fabricloader 0.18.2
	   \-- mixinextras 0.5.0
	- friendsandfoes 2.0.6
	- geckolib 4.2.4
	   \-- com_eliotlash_mclib_mclib 20
	- globalxp 1.10.4
	- handcrafted 3.1.0
	- ironchest 2.0.1
	   \-- libgui 9.0.0+1.20.2
	        |-- jankson 6.0.0+j1.2.3
	        \-- libninepatch 1.2.0
	- jade 12.3.0
	- java 21
	- jei 16.0.0.28
	- journeymap 5.9.18
	   \-- journeymap-api-fabric 1.20.2-1.9-fabric-SNAPSHOT
	- lithium 0.12.0
	- midnightlib 1.5.0
	- minecraft 1.20.2
	- mousewheelie 1.13.3+mc1.20.2
	   |-- amecsapi 1.5.6+mc1.20.2
	   |-- coat 1.0.0-beta.21+mc1.20.2
	   |-- fabric-key-binding-api-v1 1.0.37+f4b7e424a0
	   |-- fabric-screen-api-v1 2.0.10+0ba8e9cea0
	   |-- tweed4_annotated 1.3.1+mc1.20.2
	   |-- tweed4_base 1.7.1+mc1.20.2
	   |-- tweed4_data 1.2.1+mc1.20.2
	   |-- tweed4_data_hjson 1.1.1+mc1.20.2
	   |-- tweed4_tailor_coat 1.1.3+mc1.20.2
	   |-- tweed4_tailor_lang_json_descriptions 1.1.0+mc1.20.2
	   \-- tweed4_tailor_screen 1.1.4+mc1.20.2
	- packedup 1.0.30
	- realisticbees 3.8
	- regions_unexplored 0.5.3.2+1.20.2
	   |-- completeconfig-base 2.5.2
	   \-- completeconfig-gui-cloth 2.5.2
	- resourcefullib 2.2.4
	   |-- com_teamresourceful_bytecodecs 1.0.2
	   \-- com_teamresourceful_yabn 1.0.3
	- sound_physics_remastered 1.20.2-1.3.1
	- spellbound_weapons_mr 4.0.5i
	- starlight 1.1.3+fabric.5867eae
	- structory 1.3.4
	- structory_towers 1.0.6
	- supermartijn642configlib 1.1.8+a
	- supermartijn642corelib 1.1.16
	- t_and_t 1.12
	- terrablender 3.0.0.170
	- terralith 2.4.11
	- treeharvester 8.4
	- trinkets 3.8.0
	   |-- cardinal-components-base 5.3.0
	   \-- cardinal-components-entity 5.3.0
	- universal-graves 3.1.1+1.20.2
	   |-- common-protection-api 1.0.0
	   |-- fabric-permissions-api-v0 0.2-SNAPSHOT
	   |-- placeholder-api 2.2.0+1.20.2
	   |-- polymer-core 0.6.0+1.20.2
	   |    |-- polymer-networking 0.6.0+1.20.2
	   |    |    \-- polymer-common 0.6.0+1.20.2
	   |    |         \-- packet_tweaker 0.5.0+1.20.2-rc1
	   |    \-- polymer-registry-sync-manipulator 0.6.0+1.20.2
	   |-- polymer-resource-pack 0.6.0+1.20.2
	   |    \-- polymer-common 0.6.0+1.20.2
	   |         \-- packet_tweaker 0.5.0+1.20.2-rc1
	   |-- polymer-virtual-entity 0.6.0+1.20.2
	   |    \-- polymer-common 0.6.0+1.20.2
	   |         \-- packet_tweaker 0.5.0+1.20.2-rc1
	   |-- predicate-api 0.3.0+1.20.2
	   |-- server_translations_api 2.1.0+1.20.2-rc2
	   |    \-- packet_tweaker 0.5.0+1.20.2-rc1
	   \-- sgui 1.3.0+1.20.2
	- veinmining 2.1.0+1.20.2
	   \-- spectrelib 0.14.1+1.20.2
	        |-- com_electronwill_night-config_core 3.6.5
	        \-- com_electronwill_night-config_toml 3.6.5
[01:58:59] [main/INFO]: SpongePowered MIXIN Subsystem Version=0.8.7 Source=file:/workspaces/superserver/servidor_minecraft/libraries/net/fabricmc/sponge-mixin/0.16.5+mixin.0.8.7/sponge-mixin-0.16.5+mixin.0.8.7.jar Service=Knot/Fabric Env=SERVER
[01:58:59] [main/INFO]: Compatibility level set to JAVA_17
[01:59:00] [main/INFO]: Loaded configuration file for Lithium: 125 options available, 0 override(s) found
[01:59:00] [main/WARN]: Reference map 'supermartijn642configlib.mixins.refmap.json' for supermartijn642configlib.mixins.json could not be read. If this is a development environment you can ignore this message
[01:59:00] [main/WARN]: Error loading class: net/minecraft/class_1007 (java.lang.ClassNotFoundException: net/minecraft/class_1007)
[01:59:00] [main/WARN]: @Mixin target net.minecraft.class_1007 was not found beavermod.mixins.json:BeaverTailMixin from mod beavermod
[01:59:01] [main/WARN]: Error loading class: net/minecraft/class_636 (java.lang.ClassNotFoundException: net/minecraft/class_636)
[01:59:01] [main/WARN]: @Mixin target net.minecraft.class_636 was not found crab.mixins.json:ClientPlayerInteractionManagerMixin from mod crab
[01:59:01] [main/WARN]: Error loading class: net/minecraft/class_293 (java.lang.ClassNotFoundException: net/minecraft/class_293)
[01:59:01] [main/WARN]: @Mixin target net.minecraft.class_293 was not found creativecore.fabric.mixins.json:VertexFormatMixin from mod creativecore
[01:59:02] [main/WARN]: Error loading class: com/simibubi/create/content/kinetics/base/BlockBreakingKineticBlockEntity (java.lang.ClassNotFoundException: com/simibubi/create/content/kinetics/base/BlockBreakingKineticBlockEntity)
[01:59:02] [main/INFO]: Initializing MixinExtras via com.llamalad7.mixinextras.service.MixinExtrasServiceImpl(version=0.5.0).
[01:59:18] [main/INFO]: Loading Collective version 7.26.
[01:59:18] [main/INFO]: [STDOUT]: All 4 have been set properly
[01:59:18] [main/INFO]: [STDOUT]: Registered Mod Items for crab
[01:59:18] [main/INFO]: Creating default config file: croptopia_v3.conf
[01:59:21] [Thread-2/INFO]: [Friends&Foes] An update is available! You are using 2.0.6 version, but the latest version is 3.0.9.
[01:59:24] [main/ERROR]: No data fixer registered for handcrafted
[01:59:24] [main/INFO]: Initializing ServerSide Packet Registries
[01:59:26] [main/INFO]: Registered region minecraft:overworld to index 0 for type OVERWORLD
[01:59:26] [main/INFO]: Registered region minecraft:nether to index 0 for type NETHER
[01:59:26] [main/INFO]: Registered region regions_unexplored:primary to index 1 for type OVERWORLD
[01:59:26] [main/INFO]: Registered region regions_unexplored:secondary to index 2 for type OVERWORLD
[01:59:26] [main/INFO]: Registered region regions_unexplored:nether to index 1 for type NETHER
[01:59:26] [main/INFO]: Reloaded configs for mousewheelie (server/highest)
[01:59:26] [main/INFO]: Environment: Environment[accountsHost=https://api.mojang.com, sessionHost=https://sessionserver.mojang.com, servicesHost=https://api.minecraftservices.com, name=PROD]
[01:59:30] [Worker-Main-1/ERROR]: Couldn't load tag emeraldequipment:pickaxes as it is missing following references: emeraldequipment:emerald_pick (from fabric)
[01:59:32] [Worker-Main-1/ERROR]: Couldn't parse data file exlinecopperequipment:recipes/misc/copper_bucket from exlinecopperequipment:advancements/recipes/misc/copper_bucket.json
com.google.gson.JsonParseException: com.google.gson.stream.MalformedJsonException: Use JsonReader.setLenient(true) to accept malformed JSON at line 6 column 6 path $.rewards.recipes[1]
	at net.minecraft.class_3518.method_47993(class_3518.java:529) ~[server-intermediary.jar:?]
	at net.minecraft.class_3518.method_15267(class_3518.java:534) ~[server-intermediary.jar:?]
	at net.minecraft.class_3518.method_15276(class_3518.java:584) ~[server-intermediary.jar:?]
	at net.minecraft.class_4309.method_51148(class_4309.java:44) ~[server-intermediary.jar:?]
	at net.minecraft.class_4309.method_20731(class_4309.java:32) ~[server-intermediary.jar:?]
	at net.minecraft.class_4309.method_18789(class_4309.java:18) ~[server-intermediary.jar:?]
	at net.minecraft.class_4080.method_18791(class_4080.java:11) ~[server-intermediary.jar:?]
	at java.util.concurrent.CompletableFuture$AsyncSupply.run(CompletableFuture.java:1768) ~[?:?]
	at java.util.concurrent.CompletableFuture$AsyncSupply.exec(CompletableFuture.java:1760) ~[?:?]
	at java.util.concurrent.ForkJoinTask.doExec(ForkJoinTask.java:387) ~[?:?]
	at java.util.concurrent.ForkJoinPool$WorkQueue.topLevelExec(ForkJoinPool.java:1312) ~[?:?]
	at java.util.concurrent.ForkJoinPool.scan(ForkJoinPool.java:1843) ~[?:?]
	at java.util.concurrent.ForkJoinPool.runWorker(ForkJoinPool.java:1808) ~[?:?]
	at java.util.concurrent.ForkJoinWorkerThread.run(ForkJoinWorkerThread.java:188) ~[?:?]
Caused by: com.google.gson.stream.MalformedJsonException: Use JsonReader.setLenient(true) to accept malformed JSON at line 6 column 6 path $.rewards.recipes[1]
	at com.google.gson.stream.JsonReader.syntaxError(JsonReader.java:1659) ~[gson-2.10.1.jar:?]
	at com.google.gson.stream.JsonReader.checkLenient(JsonReader.java:1465) ~[gson-2.10.1.jar:?]
	at com.google.gson.stream.JsonReader.doPeek(JsonReader.java:569) ~[gson-2.10.1.jar:?]
	at com.google.gson.stream.JsonReader.hasNext(JsonReader.java:422) ~[gson-2.10.1.jar:?]
	at com.google.gson.internal.bind.TypeAdapters$28.read(TypeAdapters.java:779) ~[gson-2.10.1.jar:?]
	at com.google.gson.internal.bind.TypeAdapters$28.read(TypeAdapters.java:725) ~[gson-2.10.1.jar:?]
	at com.google.gson.internal.bind.TypeAdapters$34$1.read(TypeAdapters.java:1007) ~[gson-2.10.1.jar:?]
	at net.minecraft.class_3518.method_47993(class_3518.java:527) ~[server-intermediary.jar:?]
	... 13 more
[01:59:32] [main/ERROR]: Parsing error loading recipe exlinecopperequipment:copper_hammer_blast
com.google.gson.JsonParseException: No key tag in MapLike[{"item":"warhammersmod:hammer_copper"}]; Empty ingredient not allowed here; Not a json array: {"item":"warhammersmod:hammer_copper"}; Input does not contain a key [fabric:type]: MapLike[{"item":"warhammersmod:hammer_copper"}]
	at net.minecraft.class_156.method_47526(class_156.java:984) ~[server-intermediary.jar:?]
	at net.minecraft.class_1863.method_17720(class_1863.java:137) ~[server-intermediary.jar:?]
	at net.minecraft.class_1863.method_20705(class_1863.java:59) ~[server-intermediary.jar:?]
	at net.minecraft.class_1863.method_18788(class_1863.java:38) ~[server-intermediary.jar:?]
	at net.minecraft.class_4080.method_18790(class_4080.java:13) ~[server-intermediary.jar:?]
	at java.util.concurrent.CompletableFuture$UniAccept.tryFire(CompletableFuture.java:718) ~[?:?]
	at java.util.concurrent.CompletableFuture$Completion.run(CompletableFuture.java:482) ~[?:?]
	at net.minecraft.class_4014.method_18365(class_4014.java:69) ~[server-intermediary.jar:?]
	at net.minecraft.class_156.method_43498(class_156.java:951) ~[server-intermediary.jar:?]
	at net.minecraft.class_156.method_43499(class_156.java:939) ~[server-intermediary.jar:?]
	at net.minecraft.server.Main.main(Main.java:157) ~[server-intermediary.jar:?]
	at net.fabricmc.loader.impl.game.minecraft.MinecraftGameProvider.launch(MinecraftGameProvider.java:514) ~[fabric-loader-0.18.2.jar:?]
	at net.fabricmc.loader.impl.launch.knot.Knot.launch(Knot.java:72) ~[fabric-loader-0.18.2.jar:?]
	at net.fabricmc.loader.impl.launch.knot.KnotServer.main(KnotServer.java:23) ~[fabric-loader-0.18.2.jar:?]
	at net.fabricmc.loader.impl.launch.server.FabricServerLauncher.main(FabricServerLauncher.java:69) ~[fabric-loader-0.18.2.jar:?]
	at net.fabricmc.installer.ServerLauncher.main(ServerLauncher.java:69) ~[fabric-server-launch.jar:1.0.1]
[01:59:32] [main/ERROR]: Parsing error loading recipe emeraldequipment:emerald_pick_smelt
com.google.gson.JsonParseException: No key tag in MapLike[{"item":"emeraldequipment:emerald_pick"}]; Empty ingredient not allowed here; Not a json array: {"item":"emeraldequipment:emerald_pick"}; Input does not contain a key [fabric:type]: MapLike[{"item":"emeraldequipment:emerald_pick"}]
	at net.minecraft.class_156.method_47526(class_156.java:984) ~[server-intermediary.jar:?]
	at net.minecraft.class_1863.method_17720(class_1863.java:137) ~[server-intermediary.jar:?]
	at net.minecraft.class_1863.method_20705(class_1863.java:59) ~[server-intermediary.jar:?]
	at net.minecraft.class_1863.method_18788(class_1863.java:38) ~[server-intermediary.jar:?]
	at net.minecraft.class_4080.method_18790(class_4080.java:13) ~[server-intermediary.jar:?]
	at java.util.concurrent.CompletableFuture$UniAccept.tryFire(CompletableFuture.java:718) ~[?:?]
	at java.util.concurrent.CompletableFuture$Completion.run(CompletableFuture.java:482) ~[?:?]
	at net.minecraft.class_4014.method_18365(class_4014.java:69) ~[server-intermediary.jar:?]
	at net.minecraft.class_156.method_43498(class_156.java:951) ~[server-intermediary.jar:?]
	at net.minecraft.class_156.method_43499(class_156.java:939) ~[server-intermediary.jar:?]
	at net.minecraft.server.Main.main(Main.java:157) ~[server-intermediary.jar:?]
	at net.fabricmc.loader.impl.game.minecraft.MinecraftGameProvider.launch(MinecraftGameProvider.java:514) ~[fabric-loader-0.18.2.jar:?]
	at net.fabricmc.loader.impl.launch.knot.Knot.launch(Knot.java:72) ~[fabric-loader-0.18.2.jar:?]
	at net.fabricmc.loader.impl.launch.knot.KnotServer.main(KnotServer.java:23) ~[fabric-loader-0.18.2.jar:?]
	at net.fabricmc.loader.impl.launch.server.FabricServerLauncher.main(FabricServerLauncher.java:69) ~[fabric-loader-0.18.2.jar:?]
	at net.fabricmc.installer.ServerLauncher.main(ServerLauncher.java:69) ~[fabric-server-launch.jar:1.0.1]
[01:59:32] [main/ERROR]: Parsing error loading recipe exlinecopperequipment:copper_shears_recipe
com.google.gson.JsonParseException: Crafting result must not be minecraft:air
	at net.minecraft.class_156.method_47526(class_156.java:984) ~[server-intermediary.jar:?]
	at net.minecraft.class_1863.method_17720(class_1863.java:137) ~[server-intermediary.jar:?]
	at net.minecraft.class_1863.method_20705(class_1863.java:59) ~[server-intermediary.jar:?]
	at net.minecraft.class_1863.method_18788(class_1863.java:38) ~[server-intermediary.jar:?]
	at net.minecraft.class_4080.method_18790(class_4080.java:13) ~[server-intermediary.jar:?]
	at java.util.concurrent.CompletableFuture$UniAccept.tryFire(CompletableFuture.java:718) ~[?:?]
	at java.util.concurrent.CompletableFuture$Completion.run(CompletableFuture.java:482) ~[?:?]
	at net.minecraft.class_4014.method_18365(class_4014.java:69) ~[server-intermediary.jar:?]
	at net.minecraft.class_156.method_43498(class_156.java:951) ~[server-intermediary.jar:?]
	at net.minecraft.class_156.method_43499(class_156.java:939) ~[server-intermediary.jar:?]
	at net.minecraft.server.Main.main(Main.java:157) ~[server-intermediary.jar:?]
	at net.fabricmc.loader.impl.game.minecraft.MinecraftGameProvider.launch(MinecraftGameProvider.java:514) ~[fabric-loader-0.18.2.jar:?]
	at net.fabricmc.loader.impl.launch.knot.Knot.launch(Knot.java:72) ~[fabric-loader-0.18.2.jar:?]
	at net.fabricmc.loader.impl.launch.knot.KnotServer.main(KnotServer.java:23) ~[fabric-loader-0.18.2.jar:?]
	at net.fabricmc.loader.impl.launch.server.FabricServerLauncher.main(FabricServerLauncher.java:69) ~[fabric-loader-0.18.2.jar:?]
	at net.fabricmc.installer.ServerLauncher.main(ServerLauncher.java:69) ~[fabric-server-launch.jar:1.0.1]
[01:59:32] [main/ERROR]: Parsing error loading recipe emeraldequipment:emerald_hammer_blast
com.google.gson.JsonParseException: No key tag in MapLike[{"item":"warhammersmod:emerald_hammer"}]; Empty ingredient not allowed here; Not a json array: {"item":"warhammersmod:emerald_hammer"}; Input does not contain a key [fabric:type]: MapLike[{"item":"warhammersmod:emerald_hammer"}]
	at net.minecraft.class_156.method_47526(class_156.java:984) ~[server-intermediary.jar:?]
	at net.minecraft.class_1863.method_17720(class_1863.java:137) ~[server-intermediary.jar:?]
	at net.minecraft.class_1863.method_20705(class_1863.java:59) ~[server-intermediary.jar:?]
	at net.minecraft.class_1863.method_18788(class_1863.java:38) ~[server-intermediary.jar:?]
	at net.minecraft.class_4080.method_18790(class_4080.java:13) ~[server-intermediary.jar:?]
	at java.util.concurrent.CompletableFuture$UniAccept.tryFire(CompletableFuture.java:718) ~[?:?]
	at java.util.concurrent.CompletableFuture$Completion.run(CompletableFuture.java:482) ~[?:?]
	at net.minecraft.class_4014.method_18365(class_4014.java:69) ~[server-intermediary.jar:?]
	at net.minecraft.class_156.method_43498(class_156.java:951) ~[server-intermediary.jar:?]
	at net.minecraft.class_156.method_43499(class_156.java:939) ~[server-intermediary.jar:?]
	at net.minecraft.server.Main.main(Main.java:157) ~[server-intermediary.jar:?]
	at net.fabricmc.loader.impl.game.minecraft.MinecraftGameProvider.launch(MinecraftGameProvider.java:514) ~[fabric-loader-0.18.2.jar:?]
	at net.fabricmc.loader.impl.launch.knot.Knot.launch(Knot.java:72) ~[fabric-loader-0.18.2.jar:?]
	at net.fabricmc.loader.impl.launch.knot.KnotServer.main(KnotServer.java:23) ~[fabric-loader-0.18.2.jar:?]
	at net.fabricmc.loader.impl.launch.server.FabricServerLauncher.main(FabricServerLauncher.java:69) ~[fabric-loader-0.18.2.jar:?]
	at net.fabricmc.installer.ServerLauncher.main(ServerLauncher.java:69) ~[fabric-server-launch.jar:1.0.1]
[01:59:32] [main/ERROR]: Parsing error loading recipe exlinecopperequipment:copper_hammer_smelt
com.google.gson.JsonParseException: No key tag in MapLike[{"item":"warhammersmod:hammer_copper"}]; Empty ingredient not allowed here; Not a json array: {"item":"warhammersmod:hammer_copper"}; Input does not contain a key [fabric:type]: MapLike[{"item":"warhammersmod:hammer_copper"}]
	at net.minecraft.class_156.method_47526(class_156.java:984) ~[server-intermediary.jar:?]
	at net.minecraft.class_1863.method_17720(class_1863.java:137) ~[server-intermediary.jar:?]
	at net.minecraft.class_1863.method_20705(class_1863.java:59) ~[server-intermediary.jar:?]
	at net.minecraft.class_1863.method_18788(class_1863.java:38) ~[server-intermediary.jar:?]
	at net.minecraft.class_4080.method_18790(class_4080.java:13) ~[server-intermediary.jar:?]
	at java.util.concurrent.CompletableFuture$UniAccept.tryFire(CompletableFuture.java:718) ~[?:?]
	at java.util.concurrent.CompletableFuture$Completion.run(CompletableFuture.java:482) ~[?:?]
	at net.minecraft.class_4014.method_18365(class_4014.java:69) ~[server-intermediary.jar:?]
	at net.minecraft.class_156.method_43498(class_156.java:951) ~[server-intermediary.jar:?]
	at net.minecraft.class_156.method_43499(class_156.java:939) ~[server-intermediary.jar:?]
	at net.minecraft.server.Main.main(Main.java:157) ~[server-intermediary.jar:?]
	at net.fabricmc.loader.impl.game.minecraft.MinecraftGameProvider.launch(MinecraftGameProvider.java:514) ~[fabric-loader-0.18.2.jar:?]
	at net.fabricmc.loader.impl.launch.knot.Knot.launch(Knot.java:72) ~[fabric-loader-0.18.2.jar:?]
	at net.fabricmc.loader.impl.launch.knot.KnotServer.main(KnotServer.java:23) ~[fabric-loader-0.18.2.jar:?]
	at net.fabricmc.loader.impl.launch.server.FabricServerLauncher.main(FabricServerLauncher.java:69) ~[fabric-loader-0.18.2.jar:?]
	at net.fabricmc.installer.ServerLauncher.main(ServerLauncher.java:69) ~[fabric-server-launch.jar:1.0.1]
[01:59:32] [main/ERROR]: Parsing error loading recipe exlinecopperequipment:copper_bucket_recipe
com.google.gson.JsonParseException: Crafting result must not be minecraft:air
	at net.minecraft.class_156.method_47526(class_156.java:984) ~[server-intermediary.jar:?]
	at net.minecraft.class_1863.method_17720(class_1863.java:137) ~[server-intermediary.jar:?]
	at net.minecraft.class_1863.method_20705(class_1863.java:59) ~[server-intermediary.jar:?]
	at net.minecraft.class_1863.method_18788(class_1863.java:38) ~[server-intermediary.jar:?]
	at net.minecraft.class_4080.method_18790(class_4080.java:13) ~[server-intermediary.jar:?]
	at java.util.concurrent.CompletableFuture$UniAccept.tryFire(CompletableFuture.java:718) ~[?:?]
	at java.util.concurrent.CompletableFuture$Completion.run(CompletableFuture.java:482) ~[?:?]
	at net.minecraft.class_4014.method_18365(class_4014.java:69) ~[server-intermediary.jar:?]
	at net.minecraft.class_156.method_43498(class_156.java:951) ~[server-intermediary.jar:?]
	at net.minecraft.class_156.method_43499(class_156.java:939) ~[server-intermediary.jar:?]
	at net.minecraft.server.Main.main(Main.java:157) ~[server-intermediary.jar:?]
	at net.fabricmc.loader.impl.game.minecraft.MinecraftGameProvider.launch(MinecraftGameProvider.java:514) ~[fabric-loader-0.18.2.jar:?]
	at net.fabricmc.loader.impl.launch.knot.Knot.launch(Knot.java:72) ~[fabric-loader-0.18.2.jar:?]
	at net.fabricmc.loader.impl.launch.knot.KnotServer.main(KnotServer.java:23) ~[fabric-loader-0.18.2.jar:?]
	at net.fabricmc.loader.impl.launch.server.FabricServerLauncher.main(FabricServerLauncher.java:69) ~[fabric-loader-0.18.2.jar:?]
	at net.fabricmc.installer.ServerLauncher.main(ServerLauncher.java:69) ~[fabric-server-launch.jar:1.0.1]
[01:59:32] [main/ERROR]: Parsing error loading recipe emeraldequipment:emerald_hammer_smelt
com.google.gson.JsonParseException: No key tag in MapLike[{"item":"warhammersmod:emerald_hammer"}]; Empty ingredient not allowed here; Not a json array: {"item":"warhammersmod:emerald_hammer"}; Input does not contain a key [fabric:type]: MapLike[{"item":"warhammersmod:emerald_hammer"}]
	at net.minecraft.class_156.method_47526(class_156.java:984) ~[server-intermediary.jar:?]
	at net.minecraft.class_1863.method_17720(class_1863.java:137) ~[server-intermediary.jar:?]
	at net.minecraft.class_1863.method_20705(class_1863.java:59) ~[server-intermediary.jar:?]
	at net.minecraft.class_1863.method_18788(class_1863.java:38) ~[server-intermediary.jar:?]
	at net.minecraft.class_4080.method_18790(class_4080.java:13) ~[server-intermediary.jar:?]
	at java.util.concurrent.CompletableFuture$UniAccept.tryFire(CompletableFuture.java:718) ~[?:?]
	at java.util.concurrent.CompletableFuture$Completion.run(CompletableFuture.java:482) ~[?:?]
	at net.minecraft.class_4014.method_18365(class_4014.java:69) ~[server-intermediary.jar:?]
	at net.minecraft.class_156.method_43498(class_156.java:951) ~[server-intermediary.jar:?]
	at net.minecraft.class_156.method_43499(class_156.java:939) ~[server-intermediary.jar:?]
	at net.minecraft.server.Main.main(Main.java:157) ~[server-intermediary.jar:?]
	at net.fabricmc.loader.impl.game.minecraft.MinecraftGameProvider.launch(MinecraftGameProvider.java:514) ~[fabric-loader-0.18.2.jar:?]
	at net.fabricmc.loader.impl.launch.knot.Knot.launch(Knot.java:72) ~[fabric-loader-0.18.2.jar:?]
	at net.fabricmc.loader.impl.launch.knot.KnotServer.main(KnotServer.java:23) ~[fabric-loader-0.18.2.jar:?]
	at net.fabricmc.loader.impl.launch.server.FabricServerLauncher.main(FabricServerLauncher.java:69) ~[fabric-loader-0.18.2.jar:?]
	at net.fabricmc.installer.ServerLauncher.main(ServerLauncher.java:69) ~[fabric-server-launch.jar:1.0.1]
[01:59:32] [main/ERROR]: Parsing error loading recipe emeraldequipment:emerald_hammer_recipe
com.google.gson.JsonParseException: Crafting result must not be minecraft:air
	at net.minecraft.class_156.method_47526(class_156.java:984) ~[server-intermediary.jar:?]
	at net.minecraft.class_1863.method_17720(class_1863.java:137) ~[server-intermediary.jar:?]
	at net.minecraft.class_1863.method_20705(class_1863.java:59) ~[server-intermediary.jar:?]
	at net.minecraft.class_1863.method_18788(class_1863.java:38) ~[server-intermediary.jar:?]
	at net.minecraft.class_4080.method_18790(class_4080.java:13) ~[server-intermediary.jar:?]
	at java.util.concurrent.CompletableFuture$UniAccept.tryFire(CompletableFuture.java:718) ~[?:?]
	at java.util.concurrent.CompletableFuture$Completion.run(CompletableFuture.java:482) ~[?:?]
	at net.minecraft.class_4014.method_18365(class_4014.java:69) ~[server-intermediary.jar:?]
	at net.minecraft.class_156.method_43498(class_156.java:951) ~[server-intermediary.jar:?]
	at net.minecraft.class_156.method_43499(class_156.java:939) ~[server-intermediary.jar:?]
	at net.minecraft.server.Main.main(Main.java:157) ~[server-intermediary.jar:?]
	at net.fabricmc.loader.impl.game.minecraft.MinecraftGameProvider.launch(MinecraftGameProvider.java:514) ~[fabric-loader-0.18.2.jar:?]
	at net.fabricmc.loader.impl.launch.knot.Knot.launch(Knot.java:72) ~[fabric-loader-0.18.2.jar:?]
	at net.fabricmc.loader.impl.launch.knot.KnotServer.main(KnotServer.java:23) ~[fabric-loader-0.18.2.jar:?]
	at net.fabricmc.loader.impl.launch.server.FabricServerLauncher.main(FabricServerLauncher.java:69) ~[fabric-loader-0.18.2.jar:?]
	at net.fabricmc.installer.ServerLauncher.main(ServerLauncher.java:69) ~[fabric-server-launch.jar:1.0.1]
[01:59:32] [main/ERROR]: Parsing error loading recipe emeraldequipment:emerald_pick_blast
com.google.gson.JsonParseException: No key tag in MapLike[{"item":"emeraldequipment:emerald_pick"}]; Empty ingredient not allowed here; Not a json array: {"item":"emeraldequipment:emerald_pick"}; Input does not contain a key [fabric:type]: MapLike[{"item":"emeraldequipment:emerald_pick"}]
	at net.minecraft.class_156.method_47526(class_156.java:984) ~[server-intermediary.jar:?]
	at net.minecraft.class_1863.method_17720(class_1863.java:137) ~[server-intermediary.jar:?]
	at net.minecraft.class_1863.method_20705(class_1863.java:59) ~[server-intermediary.jar:?]
	at net.minecraft.class_1863.method_18788(class_1863.java:38) ~[server-intermediary.jar:?]
	at net.minecraft.class_4080.method_18790(class_4080.java:13) ~[server-intermediary.jar:?]
	at java.util.concurrent.CompletableFuture$UniAccept.tryFire(CompletableFuture.java:718) ~[?:?]
	at java.util.concurrent.CompletableFuture$Completion.run(CompletableFuture.java:482) ~[?:?]
	at net.minecraft.class_4014.method_18365(class_4014.java:69) ~[server-intermediary.jar:?]
	at net.minecraft.class_156.method_43498(class_156.java:951) ~[server-intermediary.jar:?]
	at net.minecraft.class_156.method_43499(class_156.java:939) ~[server-intermediary.jar:?]
	at net.minecraft.server.Main.main(Main.java:157) ~[server-intermediary.jar:?]
	at net.fabricmc.loader.impl.game.minecraft.MinecraftGameProvider.launch(MinecraftGameProvider.java:514) ~[fabric-loader-0.18.2.jar:?]
	at net.fabricmc.loader.impl.launch.knot.Knot.launch(Knot.java:72) ~[fabric-loader-0.18.2.jar:?]
	at net.fabricmc.loader.impl.launch.knot.KnotServer.main(KnotServer.java:23) ~[fabric-loader-0.18.2.jar:?]
	at net.fabricmc.loader.impl.launch.server.FabricServerLauncher.main(FabricServerLauncher.java:69) ~[fabric-loader-0.18.2.jar:?]
	at net.fabricmc.installer.ServerLauncher.main(ServerLauncher.java:69) ~[fabric-server-launch.jar:1.0.1]
[01:59:33] [main/ERROR]: Parsing error loading recipe exlinecopperequipment:copper_hammer_recipe
com.google.gson.JsonParseException: Crafting result must not be minecraft:air
	at net.minecraft.class_156.method_47526(class_156.java:984) ~[server-intermediary.jar:?]
	at net.minecraft.class_1863.method_17720(class_1863.java:137) ~[server-intermediary.jar:?]
	at net.minecraft.class_1863.method_20705(class_1863.java:59) ~[server-intermediary.jar:?]
	at net.minecraft.class_1863.method_18788(class_1863.java:38) ~[server-intermediary.jar:?]
	at net.minecraft.class_4080.method_18790(class_4080.java:13) ~[server-intermediary.jar:?]
	at java.util.concurrent.CompletableFuture$UniAccept.tryFire(CompletableFuture.java:718) ~[?:?]
	at java.util.concurrent.CompletableFuture$Completion.run(CompletableFuture.java:482) ~[?:?]
	at net.minecraft.class_4014.method_18365(class_4014.java:69) ~[server-intermediary.jar:?]
	at net.minecraft.class_156.method_43498(class_156.java:951) ~[server-intermediary.jar:?]
	at net.minecraft.class_156.method_43499(class_156.java:939) ~[server-intermediary.jar:?]
	at net.minecraft.server.Main.main(Main.java:157) ~[server-intermediary.jar:?]
	at net.fabricmc.loader.impl.game.minecraft.MinecraftGameProvider.launch(MinecraftGameProvider.java:514) ~[fabric-loader-0.18.2.jar:?]
	at net.fabricmc.loader.impl.launch.knot.Knot.launch(Knot.java:72) ~[fabric-loader-0.18.2.jar:?]
	at net.fabricmc.loader.impl.launch.knot.KnotServer.main(KnotServer.java:23) ~[fabric-loader-0.18.2.jar:?]
	at net.fabricmc.loader.impl.launch.server.FabricServerLauncher.main(FabricServerLauncher.java:69) ~[fabric-loader-0.18.2.jar:?]
	at net.fabricmc.installer.ServerLauncher.main(ServerLauncher.java:69) ~[fabric-server-launch.jar:1.0.1]
[01:59:33] [main/INFO]: Loaded 8 recipes
[01:59:33] [main/ERROR]: Parsing error loading custom advancement exlinecopperequipment:recipes/misc/copper_pickaxe: Unknown registry key in ResourceKey[minecraft:root / minecraft:item]: minecraft:copper_pickaxe
[01:59:33] [main/ERROR]: Parsing error loading custom advancement emeraldequipment:recipes/misc/emerald_pickaxe: Unknown registry key in ResourceKey[minecraft:root / minecraft:item]: minecraft:emerald_pick
[01:59:33] [main/INFO]: Loaded 2731 advancements
[01:59:33] [Thread-5/INFO]: Loaded 58 translation keys
[01:59:33] [main/INFO]: Reloaded configs for mousewheelie (server/smallest)
[01:59:36] [main/INFO]: Initialized TerraBlender biomes for level stem minecraft:the_nether
[01:59:37] [main/INFO]: Initialized TerraBlender biomes for level stem minecraft:overworld
[01:59:37] [main/INFO]: Applied 896 biome modifications to 237 of 237 new biomes in 48.95 ms
[01:59:37] [Server thread/INFO]: Starting minecraft server version 1.20.2
[01:59:37] [Server thread/INFO]: Loading properties
[01:59:37] [Server thread/INFO]: Default game type: SURVIVAL
[01:59:37] [Server thread/INFO]: Generating keypair
[01:59:37] [Server thread/INFO]: Starting Minecraft server on *:25565
[01:59:37] [Server thread/INFO]: Using epoll channel type
[01:59:37] [Server thread/WARN]: **** SERVER IS RUNNING IN OFFLINE/INSECURE MODE!
[01:59:37] [Server thread/WARN]: The server will make no attempt to authenticate usernames. Beware.
[01:59:37] [Server thread/WARN]: While this makes the game possible to play without internet access, it also opens up the ability for hackers to connect with any username they choose.
[01:59:37] [Server thread/WARN]: To change this, set "online-mode" to "true" in the server.properties file.
[01:59:37] [Server thread/INFO]: Preparing level "world"
[01:59:50] [Server thread/INFO]: Loading dimension "minecraft:the_nether" with biome source: "minecraft:multi_noise".
[01:59:50] [Server thread/INFO]: Preparing start region for dimension minecraft:overworld
[01:59:55] [Worker-Main-1/INFO]: Preparing spawn area: 0%
[01:59:56] [Worker-Main-1/INFO]: Preparing spawn area: 0%
[01:59:56] [Worker-Main-1/INFO]: Preparing spawn area: 0%
[01:59:56] [Worker-Main-1/INFO]: Preparing spawn area: 0%
[01:59:56] [Worker-Main-1/INFO]: Preparing spawn area: 0%
[01:59:56] [Worker-Main-1/INFO]: Preparing spawn area: 0%
[01:59:56] [Worker-Main-1/INFO]: Preparing spawn area: 0%
[01:59:56] [Worker-Main-1/INFO]: Preparing spawn area: 0%
[01:59:56] [Worker-Main-1/INFO]: Preparing spawn area: 0%
[01:59:56] [Worker-Main-1/INFO]: Preparing spawn area: 0%
[01:59:56] [Worker-Main-1/INFO]: Preparing spawn area: 0%
[01:59:56] [Worker-Main-1/INFO]: Preparing spawn area: 0%
[01:59:56] [Worker-Main-1/INFO]: Preparing spawn area: 0%
[01:59:56] [Worker-Main-1/INFO]: Preparing spawn area: 0%
[01:59:57] [Worker-Main-1/INFO]: Preparing spawn area: 0%
[01:59:57] [Worker-Main-1/INFO]: Preparing spawn area: 0%
[01:59:58] [Worker-Main-1/INFO]: Preparing spawn area: 0%
[01:59:58] [Worker-Main-1/INFO]: Preparing spawn area: 0%
[01:59:59] [Worker-Main-1/INFO]: Preparing spawn area: 0%
[01:59:59] [Worker-Main-1/INFO]: Preparing spawn area: 0%
[02:00:00] [Worker-Main-1/INFO]: Preparing spawn area: 0%
[02:00:00] [Worker-Main-1/INFO]: Preparing spawn area: 0%
[02:00:01] [Worker-Main-1/INFO]: Preparing spawn area: 0%
[02:00:01] [Worker-Main-1/INFO]: Preparing spawn area: 0%
[02:00:01] [Server thread/INFO]: Time elapsed: 11708 ms
[02:00:01] [Server thread/INFO]: Done (24.067s)! For help, type "help"
[02:00:02] [Server thread/INFO]: Start loading plugin from Global XP
[02:00:02] [Server thread/INFO]: Start loading plugin from Jade
[02:00:02] [Server thread/INFO]: Start loading plugin from Jade
[02:00:02] [Server thread/INFO]: Start loading plugin from Jade
[02:00:02] [Server thread/INFO]: Start loading plugin from Polymer (Core)
[02:00:02] [Server thread/INFO]: Reloaded configs for mousewheelie (server/world)
[02:06:22] [Server thread/INFO]: jjsjsjsjsjsjsj[/127.248.213.183:33709] logged in with entity id 113 at (44.048981819846475, 116.0, -265.5366696872598)
[02:06:22] [Server thread/INFO]: Syncing config to jjsjsjsjsjsjsj (c747ffcf-4057-3c14-b0d1-489661cd172e)
[02:06:22] [Server thread/INFO]: jjsjsjsjsjsjsj joined the game
[02:06:49] [Server thread/INFO]: jjsjsjsjsjsjsj has made the advancement [Sweet Dreams]
[02:08:42] [Server thread/INFO]: Andresitow[/127.57.148.129:51083] logged in with entity id 531 at (67.30000001192093, 95.0, -1209.946802430117)
[02:08:42] [Server thread/INFO]: Syncing config to Andresitow (0b6c5bf9-9f19-3d6e-9dc3-efb4271cd5e0)
[02:08:42] [Server thread/INFO]: Andresitow joined the game
[02:08:45] [Server thread/WARN]: jjsjsjsjsjsjsj moved too quickly! 2.25862883589042,2.7012968536522237,9.439349319905716
[02:08:45] [Server thread/WARN]: Can't keep up! Is the server overloaded? Running 3121ms or 62 ticks behind
[02:09:03] [Server thread/INFO]: [jjsjsjsjsjsjsj: Teleported jjsjsjsjsjsjsj to Andresitow]
[02:09:58] [Server thread/INFO]: [Andresitow: Teleported Andresitow to jjsjsjsjsjsjsj]
[02:11:56] [Server thread/INFO]: [Andresitow: Teleported Andresitow to jjsjsjsjsjsjsj]
[02:12:24] [Server thread/INFO]: [Andresitow: Teleported Andresitow to jjsjsjsjsjsjsj]
[02:12:24] [Server thread/WARN]: Can't keep up! Is the server overloaded? Running 2022ms or 40 ticks behind
[02:19:55] [Server thread/INFO]: Andresitow has made the advancement [Ice Bucket Challenge]
[02:20:10] [Server thread/INFO]: Andresitow has made the advancement [Who is Cutting Onions?]
[02:27:53] [Server thread/INFO]: jjsjsjsjsjsjsj has made the advancement [Monster Hunter]
[02:28:42] [Server thread/INFO]: [jjsjsjsjsjsjsj: Teleported jjsjsjsjsjsjsj to Andresitow]
[02:29:31] [Server thread/INFO]: [jjsjsjsjsjsjsj: Teleported jjsjsjsjsjsjsj to Andresitow]
[02:30:06] [Server thread/INFO]: jjsjsjsjsjsjsj has made the advancement [Acquire Hardware]
[02:30:31] [Server thread/INFO]: jjsjsjsjsjsjsj has made the advancement [Isn't It Iron Pick]
[02:31:48] [Server thread/INFO]: jjsjsjsjsjsjsj has made the advancement [Suit Up]
[02:32:30] [Server thread/INFO]: [jjsjsjsjsjsjsj: Teleported jjsjsjsjsjsjsj to Andresitow]
[02:32:49] [Server thread/INFO]: jjsjsjsjsjsjsj was doomed to fall by Andresitow using [Mega Hammer]
[02:32:53] [Server thread/INFO]: [jjsjsjsjsjsjsj: Teleported jjsjsjsjsjsjsj to Andresitow]
[02:33:00] [Server thread/INFO]: Andresitow was killed
[02:33:00] [Server thread/INFO]: [jjsjsjsjsjsjsj: Killed Andresitow]
[02:33:10] [Server thread/INFO]: [Andresitow: Teleported Andresitow to jjsjsjsjsjsjsj]
[02:36:56] [Server thread/INFO]: Andresitow was killed
[02:36:56] [Server thread/INFO]: [jjsjsjsjsjsjsj: Killed Andresitow]
[02:37:03] [Server thread/INFO]: [jjsjsjsjsjsjsj: Teleported jjsjsjsjsjsjsj to Andresitow]
[02:37:48] [Server thread/INFO]: [Andresitow: Set own game mode to Creative Mode]
[02:38:00] [Server thread/INFO]: Andresitow was killed
[02:38:00] [Server thread/INFO]: [jjsjsjsjsjsjsj: Killed Andresitow]
[02:39:20] [Server thread/WARN]: Andresitow moved too quickly! 7.944118160865486,0.0,-6.617048853797087
[02:39:42] [Server thread/INFO]: [jjsjsjsjsjsjsj: Teleported jjsjsjsjsjsjsj to Andresitow]
[02:39:44] [Server thread/WARN]: Andresitow moved too quickly! 0.6035672732785997,-11.146717505001433,0.4568271511475359
[02:40:00] [Server thread/INFO]: [jjsjsjsjsjsjsj: Teleported jjsjsjsjsjsjsj to Andresitow]
[02:41:08] [Server thread/INFO]: jjsjsjsjsjsjsj has made the advancement [Not Today, Thank You]
[02:41:26] [Server thread/WARN]: Can't keep up! Is the server overloaded? Running 17891ms or 357 ticks behind
[02:41:26] [Server thread/WARN]: jjsjsjsjsjsjsj moved too quickly! -8.407827868601089,1.1677966466332492,6.210294706004788
[02:41:26] [Server thread/WARN]: Andresitow moved too quickly! 2.0732752894710416,3.850147534121618,-9.111037701351052
[02:42:17] [Server thread/INFO]: [jjsjsjsjsjsjsj: Set Andresitow's game mode to Survival Mode]
[02:42:19] [Server thread/INFO]: jjsjsjsjsjsjsj was slain by Zombie
[02:42:24] [Server thread/INFO]: [jjsjsjsjsjsjsj: Teleported jjsjsjsjsjsjsj to Andresitow]
[02:49:44] [Server thread/INFO]: [Andresitow: Teleported Andresitow to jjsjsjsjsjsjsj]
[02:50:17] [Server thread/WARN]: Andresitow moved too quickly! -3.226940281671318,-1.7967356006686899,-9.44908463312504
[02:50:27] [Server thread/WARN]: Andresitow moved too quickly! 3.625154849732951,0.4952008770059102,-9.542191195602072
[02:51:12] [Server thread/WARN]: Andresitow moved too quickly! 9.981590084059235,0.6536319929294585,3.0614140509035224
